../Src/main.c:32:6:Basic_Commands	8	static
../Src/main.c:41:6:Wifi_Conn_Commands	8	static
../Src/main.c:51:6:Wifi_acc	8	static
../Src/main.c:57:6:Thing_Speak_Command_Start	8	static
../Src/main.c:64:6:Data_Commands	8	static
../Src/main.c:83:6:Init_ESP8266	8	static
../Src/main.c:89:6:integer_to_ascii	16	static
../Src/main.c:99:6:Delay_ms	24	static
../Src/main.c:108:6:UART1_Read	4	static
../Src/main.c:115:6:UART1_Write	16	static
../Src/main.c:121:6:UART1_Init	4	static
../Src/main.c:149:5:__io_putchar	16	static
../Src/main.c:154:5:main	16	static
